
> nexxo@1.0.0-freeze test
> cross-env NODE_OPTIONS=--experimental-vm-modules jest

node.exe : ts-jest[config] (WARN) 
At line:1 char:1
+ & "C:\Program Files\nodejs/node.exe" "C:\Program 
Files\nodejs/node_mo ...
+ ~~~~~~~~~~~~~~~~~~~~~~~~~~~~~~~~~~~~~~~~~~~~~~~~~~~~~~~~~~~
~~~~~~~~~~
    + CategoryInfo          : NotSpecified: (ts-jest[config] 
    (WARN) :String) [], RemoteException
    + FullyQualifiedErrorId : NativeCommandError
 
    The "ts-jest" config option "isolatedModules" is 
deprecated and will be removed in v30.0.0. Please use 
"isolatedModules: true" in 
C:/Users/Hi/Desktop/urja/urja/tsconfig.json instead, see 
https://www.typescriptlang.org/tsconfig/#isolatedModules
  
ts-jest[config] (WARN) 
    The "ts-jest" config option "isolatedModules" is 
deprecated and will be removed in v30.0.0. Please use 
"isolatedModules: true" in 
C:/Users/Hi/Desktop/urja/urja/tsconfig.json instead, see 
https://www.typescriptlang.org/tsconfig/#isolatedModules
  
ts-jest[config] (WARN) 
    The "ts-jest" config option "isolatedModules" is 
deprecated and will be removed in v30.0.0. Please use 
"isolatedModules: true" in 
C:/Users/Hi/Desktop/urja/urja/tsconfig.json instead, see 
https://www.typescriptlang.org/tsconfig/#isolatedModules
  
(node:6724) ExperimentalWarning: VM Modules is an 
experimental feature and might change at any time
(Use `node --trace-warnings ...` to show where the warning 
was created)
(node:13648) ExperimentalWarning: VM Modules is an 
experimental feature and might change at any time
(Use `node --trace-warnings ...` to show where the warning 
was created)
(node:16560) ExperimentalWarning: VM Modules is an 
experimental feature and might change at any time
(Use `node --trace-warnings ...` to show where the warning 
was created)
PASS tests/cache/correctness.test.ts
PASS tests/federation/module-federation.test.ts
PASS tests/property/transformer.test.ts
  ΓùÅ Console

    console.error
      10:45:53 Γ£û  Vanilla transform failed for 
C:\Users\Hi\Desktop\urja\urja\test.js:

    [0m [90m 81 |[39m   error[33m:[39m (msg[33m:[39m 
string[33m,[39m ctx[33m:[39m [33mLogContext[39m 
[33m|[39m any [33m=[39m {}) [33m=>[39m {
     [90m 82 |[39m     [36mconst[39m cat [33m=[39m 
ctx[33m.[39mcategory [33m?[39m 
[32m`[${categoryColor(ctx.category)}]`[39m [33m:[39m 
[32m''[39m[33m;[39m
    [31m[1m>[22m[39m[90m 83 |[39m     
console[33m.[39merror([32m`${time()} ${kleur.red('Γ£û')} 
${cat} ${msg}`[39m)[33m;[39m
     [90m    |[39m             [31m[1m^[22m[39m
     [90m 84 |[39m     [36mif[39m (ctx[33m.[39mstack) {
     [90m 85 |[39m       console[33m.[39merror(kleur[33m
.[39mdim(ctx[33m.[39mstack))[33m;[39m
     [90m 86 |[39m     }[0m

      at Object.error (src/utils/logger.ts:83:13)
      at UniversalTransformer.transformVanilla 
(src/core/universal-transformer.ts:839:21)
      at UniversalTransformer.transform 
(src/core/universal-transformer.ts:121:26)
      at tests/property/transformer.test.ts:217:25
      at AsyncProperty.run (node_modules/fast-check/lib/check
/property/AsyncProperty.generic.js:43:28)
      at asyncRunIt 
(node_modules/fast-check/lib/check/runner/Runner.js:24:21)
      at Object.<anonymous> 
(tests/property/transformer.test.ts:207:9)

    console.error
      10:45:53 Γ£û  Vanilla transform failed for 
C:\Users\Hi\Desktop\urja\urja\test.js:

    [0m [90m 81 |[39m   error[33m:[39m (msg[33m:[39m 
string[33m,[39m ctx[33m:[39m [33mLogContext[39m 
[33m|[39m any [33m=[39m {}) [33m=>[39m {
     [90m 82 |[39m     [36mconst[39m cat [33m=[39m 
ctx[33m.[39mcategory [33m?[39m 
[32m`[${categoryColor(ctx.category)}]`[39m [33m:[39m 
[32m''[39m[33m;[39m
    [31m[1m>[22m[39m[90m 83 |[39m     
console[33m.[39merror([32m`${time()} ${kleur.red('Γ£û')} 
${cat} ${msg}`[39m)[33m;[39m
     [90m    |[39m             [31m[1m^[22m[39m
     [90m 84 |[39m     [36mif[39m (ctx[33m.[39mstack) {
     [90m 85 |[39m       console[33m.[39merror(kleur[33m
.[39mdim(ctx[33m.[39mstack))[33m;[39m
     [90m 86 |[39m     }[0m

      at Object.error (src/utils/logger.ts:83:13)
      at UniversalTransformer.transformVanilla 
(src/core/universal-transformer.ts:839:21)
      at UniversalTransformer.transform 
(src/core/universal-transformer.ts:121:26)
      at tests/property/transformer.test.ts:217:25
      at AsyncProperty.run (node_modules/fast-check/lib/check
/property/AsyncProperty.generic.js:43:28)
      at asyncRunIt 
(node_modules/fast-check/lib/check/runner/Runner.js:24:21)
      at Object.<anonymous> 
(tests/property/transformer.test.ts:207:9)

    console.error
      10:45:53 Γ£û  Vanilla transform failed for 
C:\Users\Hi\Desktop\urja\urja\test.js:

    [0m [90m 81 |[39m   error[33m:[39m (msg[33m:[39m 
string[33m,[39m ctx[33m:[39m [33mLogContext[39m 
[33m|[39m any [33m=[39m {}) [33m=>[39m {
     [90m 82 |[39m     [36mconst[39m cat [33m=[39m 
ctx[33m.[39mcategory [33m?[39m 
[32m`[${categoryColor(ctx.category)}]`[39m [33m:[39m 
[32m''[39m[33m;[39m
    [31m[1m>[22m[39m[90m 83 |[39m     
console[33m.[39merror([32m`${time()} ${kleur.red('Γ£û')} 
${cat} ${msg}`[39m)[33m;[39m
     [90m    |[39m             [31m[1m^[22m[39m
     [90m 84 |[39m     [36mif[39m (ctx[33m.[39mstack) {
     [90m 85 |[39m       console[33m.[39merror(kleur[33m
.[39mdim(ctx[33m.[39mstack))[33m;[39m
     [90m 86 |[39m     }[0m

      at Object.error (src/utils/logger.ts:83:13)
      at UniversalTransformer.transformVanilla 
(src/core/universal-transformer.ts:839:21)
      at UniversalTransformer.transform 
(src/core/universal-transformer.ts:121:26)
      at tests/property/transformer.test.ts:217:25
      at AsyncProperty.run (node_modules/fast-check/lib/check
/property/AsyncProperty.generic.js:43:28)
      at asyncRunIt 
(node_modules/fast-check/lib/check/runner/Runner.js:24:21)
      at Object.<anonymous> 
(tests/property/transformer.test.ts:207:9)

    console.error
      10:45:53 Γ£û  Vanilla transform failed for 
C:\Users\Hi\Desktop\urja\urja\test.js:

    [0m [90m 81 |[39m   error[33m:[39m (msg[33m:[39m 
string[33m,[39m ctx[33m:[39m [33mLogContext[39m 
[33m|[39m any [33m=[39m {}) [33m=>[39m {
     [90m 82 |[39m     [36mconst[39m cat [33m=[39m 
ctx[33m.[39mcategory [33m?[39m 
[32m`[${categoryColor(ctx.category)}]`[39m [33m:[39m 
[32m''[39m[33m;[39m
    [31m[1m>[22m[39m[90m 83 |[39m     
console[33m.[39merror([32m`${time()} ${kleur.red('Γ£û')} 
${cat} ${msg}`[39m)[33m;[39m
     [90m    |[39m             [31m[1m^[22m[39m
     [90m 84 |[39m     [36mif[39m (ctx[33m.[39mstack) {
     [90m 85 |[39m       console[33m.[39merror(kleur[33m
.[39mdim(ctx[33m.[39mstack))[33m;[39m
     [90m 86 |[39m     }[0m

      at Object.error (src/utils/logger.ts:83:13)
      at UniversalTransformer.transformVanilla 
(src/core/universal-transformer.ts:839:21)
      at UniversalTransformer.transform 
(src/core/universal-transformer.ts:121:26)
      at tests/property/transformer.test.ts:217:25
      at AsyncProperty.run (node_modules/fast-check/lib/check
/property/AsyncProperty.generic.js:43:28)
      at asyncRunIt 
(node_modules/fast-check/lib/check/runner/Runner.js:24:21)
      at Object.<anonymous> 
(tests/property/transformer.test.ts:207:9)

    console.error
      10:45:54 Γ£û  Vanilla transform failed for 
C:\Users\Hi\Desktop\urja\urja\test.js:

    [0m [90m 81 |[39m   error[33m:[39m (msg[33m:[39m 
string[33m,[39m ctx[33m:[39m [33mLogContext[39m 
[33m|[39m any [33m=[39m {}) [33m=>[39m {
     [90m 82 |[39m     [36mconst[39m cat [33m=[39m 
ctx[33m.[39mcategory [33m?[39m 
[32m`[${categoryColor(ctx.category)}]`[39m [33m:[39m 
[32m''[39m[33m;[39m
    [31m[1m>[22m[39m[90m 83 |[39m     
console[33m.[39merror([32m`${time()} ${kleur.red('Γ£û')} 
${cat} ${msg}`[39m)[33m;[39m
     [90m    |[39m             [31m[1m^[22m[39m
     [90m 84 |[39m     [36mif[39m (ctx[33m.[39mstack) {
     [90m 85 |[39m       console[33m.[39merror(kleur[33m
.[39mdim(ctx[33m.[39mstack))[33m;[39m
     [90m 86 |[39m     }[0m

      at Object.error (src/utils/logger.ts:83:13)
      at UniversalTransformer.transformVanilla 
(src/core/universal-transformer.ts:839:21)
      at UniversalTransformer.transform 
(src/core/universal-transformer.ts:121:26)
      at tests/property/transformer.test.ts:298:40
      at AsyncProperty.run (node_modules/fast-check/lib/check
/property/AsyncProperty.generic.js:43:28)
      at asyncRunIt 
(node_modules/fast-check/lib/check/runner/Runner.js:24:21)
      at Object.<anonymous> 
(tests/property/transformer.test.ts:290:9)

    console.error
      10:45:54 Γ£û  Vanilla transform failed for 
C:\Users\Hi\Desktop\urja\urja\test.js:

    [0m [90m 81 |[39m   error[33m:[39m (msg[33m:[39m 
string[33m,[39m ctx[33m:[39m [33mLogContext[39m 
[33m|[39m any [33m=[39m {}) [33m=>[39m {
     [90m 82 |[39m     [36mconst[39m cat [33m=[39m 
ctx[33m.[39mcategory [33m?[39m 
[32m`[${categoryColor(ctx.category)}]`[39m [33m:[39m 
[32m''[39m[33m;[39m
    [31m[1m>[22m[39m[90m 83 |[39m     
console[33m.[39merror([32m`${time()} ${kleur.red('Γ£û')} 
${cat} ${msg}`[39m)[33m;[39m
     [90m    |[39m             [31m[1m^[22m[39m
     [90m 84 |[39m     [36mif[39m (ctx[33m.[39mstack) {
     [90m 85 |[39m       console[33m.[39merror(kleur[33m
.[39mdim(ctx[33m.[39mstack))[33m;[39m
     [90m 86 |[39m     }[0m

      at Object.error (src/utils/logger.ts:83:13)
      at UniversalTransformer.transformVanilla 
(src/core/universal-transformer.ts:839:21)
      at UniversalTransformer.transform 
(src/core/universal-transformer.ts:121:26)
      at tests/property/transformer.test.ts:298:40
      at AsyncProperty.run (node_modules/fast-check/lib/check
/property/AsyncProperty.generic.js:43:28)
      at asyncRunIt 
(node_modules/fast-check/lib/check/runner/Runner.js:24:21)
      at Object.<anonymous> 
(tests/property/transformer.test.ts:290:9)

    console.error
      10:45:54 Γ£û  Vanilla transform failed for 
C:\Users\Hi\Desktop\urja\urja\test.js:

    [0m [90m 81 |[39m   error[33m:[39m (msg[33m:[39m 
string[33m,[39m ctx[33m:[39m [33mLogContext[39m 
[33m|[39m any [33m=[39m {}) [33m=>[39m {
     [90m 82 |[39m     [36mconst[39m cat [33m=[39m 
ctx[33m.[39mcategory [33m?[39m 
[32m`[${categoryColor(ctx.category)}]`[39m [33m:[39m 
[32m''[39m[33m;[39m
    [31m[1m>[22m[39m[90m 83 |[39m     
console[33m.[39merror([32m`${time()} ${kleur.red('Γ£û')} 
${cat} ${msg}`[39m)[33m;[39m
     [90m    |[39m             [31m[1m^[22m[39m
     [90m 84 |[39m     [36mif[39m (ctx[33m.[39mstack) {
     [90m 85 |[39m       console[33m.[39merror(kleur[33m
.[39mdim(ctx[33m.[39mstack))[33m;[39m
     [90m 86 |[39m     }[0m

      at Object.error (src/utils/logger.ts:83:13)
      at UniversalTransformer.transformVanilla 
(src/core/universal-transformer.ts:839:21)
      at UniversalTransformer.transform 
(src/core/universal-transformer.ts:121:26)
      at tests/property/transformer.test.ts:298:40
      at AsyncProperty.run (node_modules/fast-check/lib/check
/property/AsyncProperty.generic.js:43:28)
      at asyncRunIt 
(node_modules/fast-check/lib/check/runner/Runner.js:24:21)
      at Object.<anonymous> 
(tests/property/transformer.test.ts:290:9)

    console.error
      10:45:54 Γ£û  Vanilla transform failed for 
C:\Users\Hi\Desktop\urja\urja\test.js:

    [0m [90m 81 |[39m   error[33m:[39m (msg[33m:[39m 
string[33m,[39m ctx[33m:[39m [33mLogContext[39m 
[33m|[39m any [33m=[39m {}) [33m=>[39m {
     [90m 82 |[39m     [36mconst[39m cat [33m=[39m 
ctx[33m.[39mcategory [33m?[39m 
[32m`[${categoryColor(ctx.category)}]`[39m [33m:[39m 
[32m''[39m[33m;[39m
    [31m[1m>[22m[39m[90m 83 |[39m     
console[33m.[39merror([32m`${time()} ${kleur.red('Γ£û')} 
${cat} ${msg}`[39m)[33m;[39m
     [90m    |[39m             [31m[1m^[22m[39m
     [90m 84 |[39m     [36mif[39m (ctx[33m.[39mstack) {
     [90m 85 |[39m       console[33m.[39merror(kleur[33m
.[39mdim(ctx[33m.[39mstack))[33m;[39m
     [90m 86 |[39m     }[0m

      at Object.error (src/utils/logger.ts:83:13)
      at UniversalTransformer.transformVanilla 
(src/core/universal-transformer.ts:839:21)
      at UniversalTransformer.transform 
(src/core/universal-transformer.ts:121:26)
      at tests/property/transformer.test.ts:298:40
      at AsyncProperty.run (node_modules/fast-check/lib/check
/property/AsyncProperty.generic.js:43:28)
      at asyncRunIt 
(node_modules/fast-check/lib/check/runner/Runner.js:24:21)
      at Object.<anonymous> 
(tests/property/transformer.test.ts:290:9)

    console.error
      10:45:54 Γ£û  Vanilla transform failed for 
C:\Users\Hi\Desktop\urja\urja\test.js:

    [0m [90m 81 |[39m   error[33m:[39m (msg[33m:[39m 
string[33m,[39m ctx[33m:[39m [33mLogContext[39m 
[33m|[39m any [33m=[39m {}) [33m=>[39m {
     [90m 82 |[39m     [36mconst[39m cat [33m=[39m 
ctx[33m.[39mcategory [33m?[39m 
[32m`[${categoryColor(ctx.category)}]`[39m [33m:[39m 
[32m''[39m[33m;[39m
    [31m[1m>[22m[39m[90m 83 |[39m     
console[33m.[39merror([32m`${time()} ${kleur.red('Γ£û')} 
${cat} ${msg}`[39m)[33m;[39m
     [90m    |[39m             [31m[1m^[22m[39m
     [90m 84 |[39m     [36mif[39m (ctx[33m.[39mstack) {
     [90m 85 |[39m       console[33m.[39merror(kleur[33m
.[39mdim(ctx[33m.[39mstack))[33m;[39m
     [90m 86 |[39m     }[0m

      at Object.error (src/utils/logger.ts:83:13)
      at UniversalTransformer.transformVanilla 
(src/core/universal-transformer.ts:839:21)
      at UniversalTransformer.transform 
(src/core/universal-transformer.ts:121:26)
      at tests/property/transformer.test.ts:298:40
      at AsyncProperty.run (node_modules/fast-check/lib/check
/property/AsyncProperty.generic.js:43:28)
      at asyncRunIt 
(node_modules/fast-check/lib/check/runner/Runner.js:24:21)
      at Object.<anonymous> 
(tests/property/transformer.test.ts:290:9)

    console.error
      10:45:54 Γ£û  Vanilla transform failed for 
C:\Users\Hi\Desktop\urja\urja\test.js:

    [0m [90m 81 |[39m   error[33m:[39m (msg[33m:[39m 
string[33m,[39m ctx[33m:[39m [33mLogContext[39m 
[33m|[39m any [33m=[39m {}) [33m=>[39m {
     [90m 82 |[39m     [36mconst[39m cat [33m=[39m 
ctx[33m.[39mcategory [33m?[39m 
[32m`[${categoryColor(ctx.category)}]`[39m [33m:[39m 
[32m''[39m[33m;[39m
    [31m[1m>[22m[39m[90m 83 |[39m     
console[33m.[39merror([32m`${time()} ${kleur.red('Γ£û')} 
${cat} ${msg}`[39m)[33m;[39m
     [90m    |[39m             [31m[1m^[22m[39m
     [90m 84 |[39m     [36mif[39m (ctx[33m.[39mstack) {
     [90m 85 |[39m       console[33m.[39merror(kleur[33m
.[39mdim(ctx[33m.[39mstack))[33m;[39m
     [90m 86 |[39m     }[0m

      at Object.error (src/utils/logger.ts:83:13)
      at UniversalTransformer.transformVanilla 
(src/core/universal-transformer.ts:839:21)
      at UniversalTransformer.transform 
(src/core/universal-transformer.ts:121:26)
      at tests/property/transformer.test.ts:298:40
      at AsyncProperty.run (node_modules/fast-check/lib/check
/property/AsyncProperty.generic.js:43:28)
      at asyncRunIt 
(node_modules/fast-check/lib/check/runner/Runner.js:24:21)
      at Object.<anonymous> 
(tests/property/transformer.test.ts:290:9)

    console.error
      10:45:54 Γ£û  Vanilla transform failed for 
C:\Users\Hi\Desktop\urja\urja\test.js:

    [0m [90m 81 |[39m   error[33m:[39m (msg[33m:[39m 
string[33m,[39m ctx[33m:[39m [33mLogContext[39m 
[33m|[39m any [33m=[39m {}) [33m=>[39m {
     [90m 82 |[39m     [36mconst[39m cat [33m=[39m 
ctx[33m.[39mcategory [33m?[39m 
[32m`[${categoryColor(ctx.category)}]`[39m [33m:[39m 
[32m''[39m[33m;[39m
    [31m[1m>[22m[39m[90m 83 |[39m     
console[33m.[39merror([32m`${time()} ${kleur.red('Γ£û')} 
${cat} ${msg}`[39m)[33m;[39m
     [90m    |[39m             [31m[1m^[22m[39m
     [90m 84 |[39m     [36mif[39m (ctx[33m.[39mstack) {
     [90m 85 |[39m       console[33m.[39merror(kleur[33m
.[39mdim(ctx[33m.[39mstack))[33m;[39m
     [90m 86 |[39m     }[0m

      at Object.error (src/utils/logger.ts:83:13)
      at UniversalTransformer.transformVanilla 
(src/core/universal-transformer.ts:839:21)
      at UniversalTransformer.transform 
(src/core/universal-transformer.ts:121:26)
      at tests/property/transformer.test.ts:298:40
      at AsyncProperty.run (node_modules/fast-check/lib/check
/property/AsyncProperty.generic.js:43:28)
      at asyncRunIt 
(node_modules/fast-check/lib/check/runner/Runner.js:24:21)
      at Object.<anonymous> 
(tests/property/transformer.test.ts:290:9)

    console.error
      10:45:54 Γ£û  Vanilla transform failed for 
C:\Users\Hi\Desktop\urja\urja\test.js:

    [0m [90m 81 |[39m   error[33m:[39m (msg[33m:[39m 
string[33m,[39m ctx[33m:[39m [33mLogContext[39m 
[33m|[39m any [33m=[39m {}) [33m=>[39m {
     [90m 82 |[39m     [36mconst[39m cat [33m=[39m 
ctx[33m.[39mcategory [33m?[39m 
[32m`[${categoryColor(ctx.category)}]`[39m [33m:[39m 
[32m''[39m[33m;[39m
    [31m[1m>[22m[39m[90m 83 |[39m     
console[33m.[39merror([32m`${time()} ${kleur.red('Γ£û')} 
${cat} ${msg}`[39m)[33m;[39m
     [90m    |[39m             [31m[1m^[22m[39m
     [90m 84 |[39m     [36mif[39m (ctx[33m.[39mstack) {
     [90m 85 |[39m       console[33m.[39merror(kleur[33m
.[39mdim(ctx[33m.[39mstack))[33m;[39m
     [90m 86 |[39m     }[0m

      at Object.error (src/utils/logger.ts:83:13)
      at UniversalTransformer.transformVanilla 
(src/core/universal-transformer.ts:839:21)
      at UniversalTransformer.transform 
(src/core/universal-transformer.ts:121:26)
      at tests/property/transformer.test.ts:298:40
      at AsyncProperty.run (node_modules/fast-check/lib/check
/property/AsyncProperty.generic.js:43:28)
      at asyncRunIt 
(node_modules/fast-check/lib/check/runner/Runner.js:24:21)
      at Object.<anonymous> 
(tests/property/transformer.test.ts:290:9)

    console.error
      10:45:54 Γ£û  Vanilla transform failed for 
C:\Users\Hi\Desktop\urja\urja\test.js:

    [0m [90m 81 |[39m   error[33m:[39m (msg[33m:[39m 
string[33m,[39m ctx[33m:[39m [33mLogContext[39m 
[33m|[39m any [33m=[39m {}) [33m=>[39m {
     [90m 82 |[39m     [36mconst[39m cat [33m=[39m 
ctx[33m.[39mcategory [33m?[39m 
[32m`[${categoryColor(ctx.category)}]`[39m [33m:[39m 
[32m''[39m[33m;[39m
    [31m[1m>[22m[39m[90m 83 |[39m     
console[33m.[39merror([32m`${time()} ${kleur.red('Γ£û')} 
${cat} ${msg}`[39m)[33m;[39m
     [90m    |[39m             [31m[1m^[22m[39m
     [90m 84 |[39m     [36mif[39m (ctx[33m.[39mstack) {
     [90m 85 |[39m       console[33m.[39merror(kleur[33m
.[39mdim(ctx[33m.[39mstack))[33m;[39m
     [90m 86 |[39m     }[0m

      at Object.error (src/utils/logger.ts:83:13)
      at UniversalTransformer.transformVanilla 
(src/core/universal-transformer.ts:839:21)
      at UniversalTransformer.transform 
(src/core/universal-transformer.ts:121:26)
      at tests/property/transformer.test.ts:298:40
      at AsyncProperty.run (node_modules/fast-check/lib/check
/property/AsyncProperty.generic.js:43:28)
      at asyncRunIt 
(node_modules/fast-check/lib/check/runner/Runner.js:24:21)
      at Object.<anonymous> 
(tests/property/transformer.test.ts:290:9)

    console.error
      10:45:54 Γ£û  Vanilla transform failed for 
C:\Users\Hi\Desktop\urja\urja\test.js:

    [0m [90m 81 |[39m   error[33m:[39m (msg[33m:[39m 
string[33m,[39m ctx[33m:[39m [33mLogContext[39m 
[33m|[39m any [33m=[39m {}) [33m=>[39m {
     [90m 82 |[39m     [36mconst[39m cat [33m=[39m 
ctx[33m.[39mcategory [33m?[39m 
[32m`[${categoryColor(ctx.category)}]`[39m [33m:[39m 
[32m''[39m[33m;[39m
    [31m[1m>[22m[39m[90m 83 |[39m     
console[33m.[39merror([32m`${time()} ${kleur.red('Γ£û')} 
${cat} ${msg}`[39m)[33m;[39m
     [90m    |[39m             [31m[1m^[22m[39m
     [90m 84 |[39m     [36mif[39m (ctx[33m.[39mstack) {
     [90m 85 |[39m       console[33m.[39merror(kleur[33m
.[39mdim(ctx[33m.[39mstack))[33m;[39m
     [90m 86 |[39m     }[0m

      at Object.error (src/utils/logger.ts:83:13)
      at UniversalTransformer.transformVanilla 
(src/core/universal-transformer.ts:839:21)
      at UniversalTransformer.transform 
(src/core/universal-transformer.ts:121:26)
      at tests/property/transformer.test.ts:298:40
      at AsyncProperty.run (node_modules/fast-check/lib/check
/property/AsyncProperty.generic.js:43:28)
      at asyncRunIt 
(node_modules/fast-check/lib/check/runner/Runner.js:24:21)
      at Object.<anonymous> 
(tests/property/transformer.test.ts:290:9)

    console.error
      10:45:54 Γ£û  Vanilla transform failed for 
C:\Users\Hi\Desktop\urja\urja\test.js:

    [0m [90m 81 |[39m   error[33m:[39m (msg[33m:[39m 
string[33m,[39m ctx[33m:[39m [33mLogContext[39m 
[33m|[39m any [33m=[39m {}) [33m=>[39m {
     [90m 82 |[39m     [36mconst[39m cat [33m=[39m 
ctx[33m.[39mcategory [33m?[39m 
[32m`[${categoryColor(ctx.category)}]`[39m [33m:[39m 
[32m''[39m[33m;[39m
    [31m[1m>[22m[39m[90m 83 |[39m     
console[33m.[39merror([32m`${time()} ${kleur.red('Γ£û')} 
${cat} ${msg}`[39m)[33m;[39m
     [90m    |[39m             [31m[1m^[22m[39m
     [90m 84 |[39m     [36mif[39m (ctx[33m.[39mstack) {
     [90m 85 |[39m       console[33m.[39merror(kleur[33m
.[39mdim(ctx[33m.[39mstack))[33m;[39m
     [90m 86 |[39m     }[0m

      at Object.error (src/utils/logger.ts:83:13)
      at UniversalTransformer.transformVanilla 
(src/core/universal-transformer.ts:839:21)
      at UniversalTransformer.transform 
(src/core/universal-transformer.ts:121:26)
      at tests/property/transformer.test.ts:298:40
      at AsyncProperty.run (node_modules/fast-check/lib/check
/property/AsyncProperty.generic.js:43:28)
      at asyncRunIt 
(node_modules/fast-check/lib/check/runner/Runner.js:24:21)
      at Object.<anonymous> 
(tests/property/transformer.test.ts:290:9)

PASS src/core/__tests__/universal-transformer.test.ts
PASS tests/real-world/integration.test.ts
PASS tests/performance/regression.test.ts
PASS tests/errors/handling.test.ts
  ΓùÅ Console

    console.error
      10:45:55 Γ£û  Vanilla transform failed for c:/Users/Hi/
Desktop/urja/urja/tests/fixtures/errors/syntax-error/src/bad.
js:

    [0m [90m 81 |[39m   error[33m:[39m (msg[33m:[39m 
string[33m,[39m ctx[33m:[39m [33mLogContext[39m 
[33m|[39m any [33m=[39m {}) [33m=>[39m {
     [90m 82 |[39m     [36mconst[39m cat [33m=[39m 
ctx[33m.[39mcategory [33m?[39m 
[32m`[${categoryColor(ctx.category)}]`[39m [33m:[39m 
[32m''[39m[33m;[39m
    [31m[1m>[22m[39m[90m 83 |[39m     
console[33m.[39merror([32m`${time()} ${kleur.red('Γ£û')} 
${cat} ${msg}`[39m)[33m;[39m
     [90m    |[39m             [31m[1m^[22m[39m
     [90m 84 |[39m     [36mif[39m (ctx[33m.[39mstack) {
     [90m 85 |[39m       console[33m.[39merror(kleur[33m
.[39mdim(ctx[33m.[39mstack))[33m;[39m
     [90m 86 |[39m     }[0m

      at Object.error (src/utils/logger.ts:83:13)
      at UniversalTransformer.transformVanilla 
(src/core/universal-transformer.ts:839:21)
      at UniversalTransformer.transform 
(src/core/universal-transformer.ts:121:26)
      at Object.runHook (src/plugins/js-transform.ts:29:32)
      at PluginManager.runHook 
(src/core/plugins/manager.ts:83:30)
      at src/core/transform/transformer.ts:114:45
          at async Promise.all (index 1)
      at Transformer.batchTransform 
(src/core/transform/transformer.ts:113:45)
      at src/core/engine/execute.ts:89:38
          at async Promise.all (index 0)
      at executeParallel (src/core/engine/execute.ts:135:9)
      at CoreBuildEngine.run 
(src/core/engine/index.ts:120:29)
      at buildProject (src/build/index.ts:57:24)
      at Object.<anonymous> 
(tests/errors/handling.test.ts:43:32)

PASS tests/property/resolver.test.ts
PASS tests/meta-framework-routers.test.ts
  ΓùÅ Console

    console.log
      10:45:56 ΓÜá  No Next.js routing directories found 
(pages/ or app/)

      at Object.warn (src/utils/logger.ts:79:13)

    console.log
      10:45:56 Γä╣  Found 0 routes

      at Object.info (src/utils/logger.ts:64:13)

    console.log
      10:45:56 Γä╣    - 0 page routes

      at Object.info (src/utils/logger.ts:64:13)

    console.log
      10:45:56 Γä╣    - 0 API routes

      at Object.info (src/utils/logger.ts:64:13)

    console.log
      10:45:56 ΓÜá  No Next.js routing directories found 
(pages/ or app/)

      at Object.warn (src/utils/logger.ts:79:13)

    console.log
      10:45:56 Γä╣  Found 0 routes

      at Object.info (src/utils/logger.ts:64:13)

    console.log
      10:45:56 Γä╣    - 0 page routes

      at Object.info (src/utils/logger.ts:64:13)

    console.log
      10:45:56 Γä╣    - 0 API routes

      at Object.info (src/utils/logger.ts:64:13)

    console.log
      10:45:56 ΓÜá  No Next.js routing directories found 
(pages/ or app/)

      at Object.warn (src/utils/logger.ts:79:13)

    console.log
      10:45:56 Γä╣  Found 0 routes

      at Object.info (src/utils/logger.ts:64:13)

    console.log
      10:45:56 Γä╣    - 0 page routes

      at Object.info (src/utils/logger.ts:64:13)

    console.log
      10:45:56 Γä╣    - 0 API routes

      at Object.info (src/utils/logger.ts:64:13)

    console.log
      10:45:56 ΓÜá  No Next.js routing directories found 
(pages/ or app/)

      at Object.warn (src/utils/logger.ts:79:13)

    console.log
      10:45:56 Γä╣  Found 0 routes

      at Object.info (src/utils/logger.ts:64:13)

    console.log
      10:45:56 Γä╣    - 0 page routes

      at Object.info (src/utils/logger.ts:64:13)

    console.log
      10:45:56 Γä╣    - 0 API routes

      at Object.info (src/utils/logger.ts:64:13)

    console.log
      10:45:56 ΓÜá  No Next.js routing directories found 
(pages/ or app/)

      at Object.warn (src/utils/logger.ts:79:13)

    console.log
      10:45:56 Γä╣  Found 0 routes

      at Object.info (src/utils/logger.ts:64:13)

    console.log
      10:45:56 Γä╣    - 0 page routes

      at Object.info (src/utils/logger.ts:64:13)

    console.log
      10:45:56 Γä╣    - 0 API routes

      at Object.info (src/utils/logger.ts:64:13)

    console.log
      10:45:56 ΓÜá  No Next.js routing directories found 
(pages/ or app/)

      at Object.warn (src/utils/logger.ts:79:13)

    console.log
      10:45:56 Γä╣  Found 0 routes

      at Object.info (src/utils/logger.ts:64:13)

    console.log
      10:45:56 Γä╣    - 0 page routes

      at Object.info (src/utils/logger.ts:64:13)

    console.log
      10:45:56 Γä╣    - 0 API routes

      at Object.info (src/utils/logger.ts:64:13)

    console.log
      10:45:56 ΓÜá  No Next.js routing directories found 
(pages/ or app/)

      at Object.warn (src/utils/logger.ts:79:13)

    console.log
      10:45:56 Γä╣  Found 0 routes

      at Object.info (src/utils/logger.ts:64:13)

    console.log
      10:45:56 Γä╣    - 0 page routes

      at Object.info (src/utils/logger.ts:64:13)

    console.log
      10:45:56 Γä╣    - 0 API routes

      at Object.info (src/utils/logger.ts:64:13)

    console.log
      10:45:56 ΓÜá  No Next.js routing directories found 
(pages/ or app/)

      at Object.warn (src/utils/logger.ts:79:13)

    console.log
      10:45:56 Γä╣  Found 0 routes

      at Object.info (src/utils/logger.ts:64:13)

    console.log
      10:45:56 Γä╣    - 0 page routes

      at Object.info (src/utils/logger.ts:64:13)

    console.log
      10:45:56 Γä╣    - 0 API routes

      at Object.info (src/utils/logger.ts:64:13)

    console.log
      10:45:56 ΓÜá  No Next.js routing directories found 
(pages/ or app/)

      at Object.warn (src/utils/logger.ts:79:13)

    console.log
      10:45:56 Γä╣  Found 0 routes

      at Object.info (src/utils/logger.ts:64:13)

    console.log
      10:45:56 Γä╣    - 0 page routes

      at Object.info (src/utils/logger.ts:64:13)

    console.log
      10:45:56 Γä╣    - 0 API routes

      at Object.info (src/utils/logger.ts:64:13)

    console.log
      10:45:56 ΓÜá  No Next.js routing directories found 
(pages/ or app/)

      at Object.warn (src/utils/logger.ts:79:13)

    console.log
      10:45:56 Γä╣  Found 0 routes

      at Object.info (src/utils/logger.ts:64:13)

    console.log
      10:45:56 Γä╣    - 0 page routes

      at Object.info (src/utils/logger.ts:64:13)

    console.log
      10:45:56 Γä╣    - 0 API routes

      at Object.info (src/utils/logger.ts:64:13)

    console.log
      10:45:56 ΓÜá  No Next.js routing directories found 
(pages/ or app/)

      at Object.warn (src/utils/logger.ts:79:13)

    console.log
      10:45:56 Γä╣  Found 0 routes

      at Object.info (src/utils/logger.ts:64:13)

    console.log
      10:45:56 Γä╣    - 0 page routes

      at Object.info (src/utils/logger.ts:64:13)

    console.log
      10:45:56 Γä╣    - 0 API routes

      at Object.info (src/utils/logger.ts:64:13)

    console.log
      10:45:56 ΓÜá  No Nuxt pages/ directory found

      at Object.warn (src/utils/logger.ts:79:13)

    console.log
      10:45:56 Γä╣  Found 0 routes

      at Object.info (src/utils/logger.ts:64:13)

    console.log
      10:45:56 Γä╣    - 0 page routes

      at Object.info (src/utils/logger.ts:64:13)

    console.log
      10:45:56 Γä╣    - 0 API routes

      at Object.info (src/utils/logger.ts:64:13)

    console.log
      10:45:56 ΓÜá  No Nuxt pages/ directory found

      at Object.warn (src/utils/logger.ts:79:13)

    console.log
      10:45:56 Γä╣  Found 0 routes

      at Object.info (src/utils/logger.ts:64:13)

    console.log
      10:45:56 Γä╣    - 0 page routes

      at Object.info (src/utils/logger.ts:64:13)

    console.log
      10:45:56 Γä╣    - 0 API routes

      at Object.info (src/utils/logger.ts:64:13)

    console.log
      10:45:56 ΓÜá  No Nuxt pages/ directory found

      at Object.warn (src/utils/logger.ts:79:13)

    console.log
      10:45:56 Γä╣  Found 0 routes

      at Object.info (src/utils/logger.ts:64:13)

    console.log
      10:45:56 Γä╣    - 0 page routes

      at Object.info (src/utils/logger.ts:64:13)

    console.log
      10:45:56 Γä╣    - 0 API routes

      at Object.info (src/utils/logger.ts:64:13)

    console.log
      10:45:56 ΓÜá  No Nuxt pages/ directory found

      at Object.warn (src/utils/logger.ts:79:13)

    console.log
      10:45:56 Γä╣  Found 0 routes

      at Object.info (src/utils/logger.ts:64:13)

    console.log
      10:45:56 Γä╣    - 0 page routes

      at Object.info (src/utils/logger.ts:64:13)

    console.log
      10:45:56 Γä╣    - 0 API routes

      at Object.info (src/utils/logger.ts:64:13)

    console.log
      10:45:56 ΓÜá  No Remix app/routes/ directory found

      at Object.warn (src/utils/logger.ts:79:13)

    console.log
      10:45:56 Γä╣  Found 0 routes

      at Object.info (src/utils/logger.ts:64:13)

    console.log
      10:45:56 Γä╣    - 0 page routes

      at Object.info (src/utils/logger.ts:64:13)

    console.log
      10:45:56 Γä╣    - 0 API routes

      at Object.info (src/utils/logger.ts:64:13)

    console.log
      10:45:56 ΓÜá  No Remix app/routes/ directory found

      at Object.warn (src/utils/logger.ts:79:13)

    console.log
      10:45:56 Γä╣  Found 0 routes

      at Object.info (src/utils/logger.ts:64:13)

    console.log
      10:45:56 Γä╣    - 0 page routes

      at Object.info (src/utils/logger.ts:64:13)

    console.log
      10:45:56 Γä╣    - 0 API routes

      at Object.info (src/utils/logger.ts:64:13)

    console.log
      10:45:56 ΓÜá  No Remix app/routes/ directory found

      at Object.warn (src/utils/logger.ts:79:13)

    console.log
      10:45:56 Γä╣  Found 0 routes

      at Object.info (src/utils/logger.ts:64:13)

    console.log
      10:45:56 Γä╣    - 0 page routes

      at Object.info (src/utils/logger.ts:64:13)

    console.log
      10:45:56 Γä╣    - 0 API routes

      at Object.info (src/utils/logger.ts:64:13)

    console.log
      10:45:56 ΓÜá  No Remix app/routes/ directory found

      at Object.warn (src/utils/logger.ts:79:13)

    console.log
      10:45:56 Γä╣  Found 0 routes

      at Object.info (src/utils/logger.ts:64:13)

    console.log
      10:45:56 Γä╣    - 0 page routes

      at Object.info (src/utils/logger.ts:64:13)

    console.log
      10:45:56 Γä╣    - 0 API routes

      at Object.info (src/utils/logger.ts:64:13)

    console.log
      10:45:56 ΓÜá  No Remix app/routes/ directory found

      at Object.warn (src/utils/logger.ts:79:13)

    console.log
      10:45:56 Γä╣  Found 0 routes

      at Object.info (src/utils/logger.ts:64:13)

    console.log
      10:45:56 Γä╣    - 0 page routes

      at Object.info (src/utils/logger.ts:64:13)

    console.log
      10:45:56 Γä╣    - 0 API routes

      at Object.info (src/utils/logger.ts:64:13)

    console.log
      10:45:56 ΓÜá  No Next.js routing directories found 
(pages/ or app/)

      at Object.warn (src/utils/logger.ts:79:13)

    console.log
      10:45:56 ΓÜá  No Next.js routing directories found 
(pages/ or app/)

      at Object.warn (src/utils/logger.ts:79:13)

    console.log
      10:45:56 Γä╣  Found 0 routes

      at Object.info (src/utils/logger.ts:64:13)

    console.log
      10:45:56 Γä╣    - 0 page routes

      at Object.info (src/utils/logger.ts:64:13)

    console.log
      10:45:56 Γä╣    - 0 API routes

      at Object.info (src/utils/logger.ts:64:13)

    console.log
      10:45:56 Γä╣  Found 0 routes

      at Object.info (src/utils/logger.ts:64:13)

    console.log
      10:45:56 Γä╣    - 0 page routes

      at Object.info (src/utils/logger.ts:64:13)

    console.log
      10:45:56 Γä╣    - 0 API routes

      at Object.info (src/utils/logger.ts:64:13)

    console.log
      10:45:56 ΓÜá  No Next.js routing directories found 
(pages/ or app/)

      at Object.warn (src/utils/logger.ts:79:13)

    console.log
      10:45:56 Γä╣  Found 0 routes

      at Object.info (src/utils/logger.ts:64:13)

    console.log
      10:45:56 Γä╣    - 0 page routes

      at Object.info (src/utils/logger.ts:64:13)

    console.log
      10:45:56 Γä╣    - 0 API routes

      at Object.info (src/utils/logger.ts:64:13)

    console.log
      10:45:56 ΓÜá  No Next.js routing directories found 
(pages/ or app/)

      at Object.warn (src/utils/logger.ts:79:13)

    console.log
      10:45:56 Γä╣  Found 0 routes

      at Object.info (src/utils/logger.ts:64:13)

    console.log
      10:45:56 Γä╣    - 0 page routes

      at Object.info (src/utils/logger.ts:64:13)

    console.log
      10:45:56 Γä╣    - 0 API routes

      at Object.info (src/utils/logger.ts:64:13)

    console.log
      10:45:56 ΓÜá  No Next.js routing directories found 
(pages/ or app/)

      at Object.warn (src/utils/logger.ts:79:13)

    console.log
      10:45:56 Γä╣  Found 0 routes

      at Object.info (src/utils/logger.ts:64:13)

    console.log
      10:45:56 Γä╣    - 0 page routes

      at Object.info (src/utils/logger.ts:64:13)

    console.log
      10:45:56 Γä╣    - 0 API routes

      at Object.info (src/utils/logger.ts:64:13)

    console.log
      10:45:56 ΓÜá  No Nuxt pages/ directory found

      at Object.warn (src/utils/logger.ts:79:13)

    console.log
      10:45:56 ΓÜá  No Nuxt pages/ directory found

      at Object.warn (src/utils/logger.ts:79:13)

    console.log
      10:45:56 Γä╣  Found 0 routes

      at Object.info (src/utils/logger.ts:64:13)

    console.log
      10:45:56 Γä╣    - 0 page routes

      at Object.info (src/utils/logger.ts:64:13)

    console.log
      10:45:56 Γä╣    - 0 API routes

      at Object.info (src/utils/logger.ts:64:13)

    console.log
      10:45:56 Γä╣  Found 0 routes

      at Object.info (src/utils/logger.ts:64:13)

    console.log
      10:45:56 Γä╣    - 0 page routes

      at Object.info (src/utils/logger.ts:64:13)

    console.log
      10:45:56 Γä╣    - 0 API routes

      at Object.info (src/utils/logger.ts:64:13)

    console.log
      10:45:56 ΓÜá  No Nuxt pages/ directory found

      at Object.warn (src/utils/logger.ts:79:13)

    console.log
      10:45:56 Γä╣  Found 0 routes

      at Object.info (src/utils/logger.ts:64:13)

    console.log
      10:45:56 Γä╣    - 0 page routes

      at Object.info (src/utils/logger.ts:64:13)

    console.log
      10:45:56 Γä╣    - 0 API routes

      at Object.info (src/utils/logger.ts:64:13)

    console.log
      10:45:56 ΓÜá  No Remix app/routes/ directory found

      at Object.warn (src/utils/logger.ts:79:13)

    console.log
      10:45:56 ΓÜá  No Remix app/routes/ directory found

      at Object.warn (src/utils/logger.ts:79:13)

    console.log
      10:45:56 Γä╣  Found 0 routes

      at Object.info (src/utils/logger.ts:64:13)

    console.log
      10:45:56 Γä╣    - 0 page routes

      at Object.info (src/utils/logger.ts:64:13)

    console.log
      10:45:56 Γä╣    - 0 API routes

      at Object.info (src/utils/logger.ts:64:13)

    console.log
      10:45:56 Γä╣  Found 0 routes

      at Object.info (src/utils/logger.ts:64:13)

    console.log
      10:45:56 Γä╣    - 0 page routes

      at Object.info (src/utils/logger.ts:64:13)

    console.log
      10:45:56 Γä╣    - 0 API routes

      at Object.info (src/utils/logger.ts:64:13)

    console.log
      10:45:56 ΓÜá  No Remix app/routes/ directory found

      at Object.warn (src/utils/logger.ts:79:13)

    console.log
      10:45:56 Γä╣  Found 0 routes

      at Object.info (src/utils/logger.ts:64:13)

    console.log
      10:45:56 Γä╣    - 0 page routes

      at Object.info (src/utils/logger.ts:64:13)

    console.log
      10:45:56 Γä╣    - 0 API routes

      at Object.info (src/utils/logger.ts:64:13)

    console.log
      10:45:56 ΓÜá  No Next.js routing directories found 
(pages/ or app/)

      at Object.warn (src/utils/logger.ts:79:13)

    console.log
      10:45:56 Γä╣  Found 0 routes

      at Object.info (src/utils/logger.ts:64:13)

    console.log
      10:45:56 Γä╣    - 0 page routes

      at Object.info (src/utils/logger.ts:64:13)

    console.log
      10:45:56 Γä╣    - 0 API routes

      at Object.info (src/utils/logger.ts:64:13)

    console.log
      10:45:56 ΓÜá  No Next.js routing directories found 
(pages/ or app/)

      at Object.warn (src/utils/logger.ts:79:13)

    console.log
      10:45:56 Γä╣  Found 0 routes

      at Object.info (src/utils/logger.ts:64:13)

    console.log
      10:45:56 Γä╣    - 0 page routes

      at Object.info (src/utils/logger.ts:64:13)

    console.log
      10:45:56 Γä╣    - 0 API routes

      at Object.info (src/utils/logger.ts:64:13)

    console.log
      10:45:56 ΓÜá  No Next.js routing directories found 
(pages/ or app/)

      at Object.warn (src/utils/logger.ts:79:13)

    console.log
      10:45:56 Γä╣  Found 0 routes

      at Object.info (src/utils/logger.ts:64:13)

    console.log
      10:45:56 Γä╣    - 0 page routes

      at Object.info (src/utils/logger.ts:64:13)

    console.log
      10:45:56 Γä╣    - 0 API routes

      at Object.info (src/utils/logger.ts:64:13)

    console.log
      10:45:56 ΓÜá  No Next.js routing directories found 
(pages/ or app/)

      at Object.warn (src/utils/logger.ts:79:13)

    console.log
      10:45:56 Γä╣  Found 0 routes

      at Object.info (src/utils/logger.ts:64:13)

    console.log
      10:45:56 Γä╣    - 0 page routes

      at Object.info (src/utils/logger.ts:64:13)

    console.log
      10:45:56 Γä╣    - 0 API routes

      at Object.info (src/utils/logger.ts:64:13)

    console.log
      10:45:56 ΓÜá  No Nuxt pages/ directory found

      at Object.warn (src/utils/logger.ts:79:13)
          at async Promise.all (index 1)

    console.log
      10:45:56 ΓÜá  No Remix app/routes/ directory found

      at Object.warn (src/utils/logger.ts:79:13)
          at async Promise.all (index 2)

    console.log
      10:45:56 ΓÜá  No Next.js routing directories found 
(pages/ or app/)

      at Object.warn (src/utils/logger.ts:79:13)
          at async Promise.all (index 0)

    console.log
      10:45:56 Γä╣  Found 0 routes

      at Object.info (src/utils/logger.ts:64:13)
          at async Promise.all (index 1)

    console.log
      10:45:56 Γä╣    - 0 page routes

      at Object.info (src/utils/logger.ts:64:13)
          at async Promise.all (index 1)

    console.log
      10:45:56 Γä╣    - 0 API routes

      at Object.info (src/utils/logger.ts:64:13)
          at async Promise.all (index 1)

    console.log
      10:45:56 Γä╣  Found 0 routes

      at Object.info (src/utils/logger.ts:64:13)
          at async Promise.all (index 2)

    console.log
      10:45:56 Γä╣    - 0 page routes

      at Object.info (src/utils/logger.ts:64:13)
          at async Promise.all (index 2)

    console.log
      10:45:56 Γä╣    - 0 API routes

      at Object.info (src/utils/logger.ts:64:13)
          at async Promise.all (index 2)

    console.log
      10:45:56 Γä╣  Found 0 routes

      at Object.info (src/utils/logger.ts:64:13)
          at async Promise.all (index 0)

    console.log
      10:45:56 Γä╣    - 0 page routes

      at Object.info (src/utils/logger.ts:64:13)
          at async Promise.all (index 0)

    console.log
      10:45:56 Γä╣    - 0 API routes

      at Object.info (src/utils/logger.ts:64:13)
          at async Promise.all (index 0)

    console.log
      10:45:56 ΓÜá  No Next.js routing directories found 
(pages/ or app/)

      at Object.warn (src/utils/logger.ts:79:13)

    console.log
      10:45:56 Γä╣  Found 0 routes

      at Object.info (src/utils/logger.ts:64:13)

    console.log
      10:45:56 Γä╣    - 0 page routes

      at Object.info (src/utils/logger.ts:64:13)

    console.log
      10:45:56 Γä╣    - 0 API routes

      at Object.info (src/utils/logger.ts:64:13)

    console.log
      10:45:56 ΓÜá  No Next.js routing directories found 
(pages/ or app/)

      at Object.warn (src/utils/logger.ts:79:13)

    console.log
      10:45:56 Γä╣  Found 0 routes

      at Object.info (src/utils/logger.ts:64:13)

    console.log
      10:45:56 Γä╣    - 0 page routes

      at Object.info (src/utils/logger.ts:64:13)

    console.log
      10:45:56 Γä╣    - 0 API routes

      at Object.info (src/utils/logger.ts:64:13)

PASS tests/build/snapshot.test.ts
PASS src/dev/__tests__/preBundler.test.ts
PASS tests/css/processing.test.ts
FAIL tests/load/stress.test.ts (459.717 s)
  ΓùÅ Console

    console.error
      10:53:28 Γ£û  --> Core Engine: Build Failed

    [0m [90m 81 |[39m   error[33m:[39m (msg[33m:[39m 
string[33m,[39m ctx[33m:[39m [33mLogContext[39m 
[33m|[39m any [33m=[39m {}) [33m=>[39m {
     [90m 82 |[39m     [36mconst[39m cat [33m=[39m 
ctx[33m.[39mcategory [33m?[39m 
[32m`[${categoryColor(ctx.category)}]`[39m [33m:[39m 
[32m''[39m[33m;[39m
    [31m[1m>[22m[39m[90m 83 |[39m     
console[33m.[39merror([32m`${time()} ${kleur.red('Γ£û')} 
${cat} ${msg}`[39m)[33m;[39m
     [90m    |[39m             [31m[1m^[22m[39m
     [90m 84 |[39m     [36mif[39m (ctx[33m.[39mstack) {
     [90m 85 |[39m       console[33m.[39merror(kleur[33m
.[39mdim(ctx[33m.[39mstack))[33m;[39m
     [90m 86 |[39m     }[0m

      at Object.error (src/utils/logger.ts:83:13)
      at CoreBuildEngine.run 
(src/core/engine/index.ts:163:17)
      at buildProject (src/build/index.ts:57:24)
      at Object.<anonymous> 
(tests/load/stress.test.ts:147:13)

    console.error
      Error: ENOENT: no such file or directory, open 'c:\User
s\Hi\AppData\Local\Temp\nexxo-load-test-XPoZZb\simple-app\src
\main.js'
          at open (node:internal/fs/promises:639:25)
          at Object.readFile 
(node:internal/fs/promises:1243:14)
          at C:\Users\Hi\Desktop\urja\urja\src\core\engine\ex
ecute.ts:81:31
          at async Promise.all (index 0)
          at C:\Users\Hi\Desktop\urja\urja\src\core\engine\ex
ecute.ts:70:13
          at async Promise.all (index 0)
          at executeParallel (C:\Users\Hi\Desktop\urja\urja\s
rc\core\engine\execute.ts:135:9)
          at CoreBuildEngine.run (C:\Users\Hi\Desktop\urja\ur
ja\src\core\engine\index.ts:120:29)
          at buildProject 
(C:\Users\Hi\Desktop\urja\urja\src\build\index.ts:57:24)
          at Object.<anonymous> (C:\Users\Hi\Desktop\urja\urj
a\tests\load\stress.test.ts:147:13)

    [0m [90m 83 |[39m     
console[33m.[39merror([32m`${time()} ${kleur.red('Γ£û')} 
${cat} ${msg}`[39m)[33m;[39m
     [90m 84 |[39m     [36mif[39m (ctx[33m.[39mstack) {
    [31m[1m>[22m[39m[90m 85 |[39m       console[33m.[
39merror(kleur[33m.[39mdim(ctx[33m.[39mstack))[33m;[39m
     [90m    |[39m               [31m[1m^[22m[39m
     [90m 86 |[39m     }
     [90m 87 |[39m   }[33m,[39m
     [90m 88 |[39m   debug[33m:[39m (msg[33m:[39m 
string[33m,[39m ctx[33m:[39m [33mLogContext[39m 
[33m=[39m {}) [33m=>[39m {[0m

      at Object.error (src/utils/logger.ts:85:15)
      at CoreBuildEngine.run 
(src/core/engine/index.ts:163:17)
      at buildProject (src/build/index.ts:57:24)
      at Object.<anonymous> 
(tests/load/stress.test.ts:147:13)

    console.error
      10:53:28 Γ£û  --> Core Engine: Build Failed

    [0m [90m 81 |[39m   error[33m:[39m (msg[33m:[39m 
string[33m,[39m ctx[33m:[39m [33mLogContext[39m 
[33m|[39m any [33m=[39m {}) [33m=>[39m {
     [90m 82 |[39m     [36mconst[39m cat [33m=[39m 
ctx[33m.[39mcategory [33m?[39m 
[32m`[${categoryColor(ctx.category)}]`[39m [33m:[39m 
[32m''[39m[33m;[39m
    [31m[1m>[22m[39m[90m 83 |[39m     
console[33m.[39merror([32m`${time()} ${kleur.red('Γ£û')} 
${cat} ${msg}`[39m)[33m;[39m
     [90m    |[39m             [31m[1m^[22m[39m
     [90m 84 |[39m     [36mif[39m (ctx[33m.[39mstack) {
     [90m 85 |[39m       console[33m.[39merror(kleur[33m
.[39mdim(ctx[33m.[39mstack))[33m;[39m
     [90m 86 |[39m     }[0m

      at Object.error (src/utils/logger.ts:83:13)
      at CoreBuildEngine.run 
(src/core/engine/index.ts:163:17)
      at buildProject (src/build/index.ts:57:24)
      at Object.<anonymous> 
(tests/load/stress.test.ts:147:13)

    console.error
      Error: ENOENT: no such file or directory, scandir 'C:\U
sers\Hi\AppData\Local\Temp\nexxo-load-test-XPoZZb\simple-app'
          at Object.readdir 
(node:internal/fs/promises:955:18)
          at scan (C:\Users\Hi\Desktop\urja\urja\src\core\eng
ine\config.ts:131:25)
          at computeInputFingerprint (C:\Users\Hi\Desktop\urj
a\urja\src\core\engine\config.ts:146:5)
          at CoreBuildEngine.run (C:\Users\Hi\Desktop\urja\ur
ja\src\core\engine\index.ts:71:38)
          at buildProject 
(C:\Users\Hi\Desktop\urja\urja\src\build\index.ts:57:24)
          at Object.<anonymous> (C:\Users\Hi\Desktop\urja\urj
a\tests\load\stress.test.ts:147:13)

    [0m [90m 83 |[39m     
console[33m.[39merror([32m`${time()} ${kleur.red('Γ£û')} 
${cat} ${msg}`[39m)[33m;[39m
     [90m 84 |[39m     [36mif[39m (ctx[33m.[39mstack) {
    [31m[1m>[22m[39m[90m 85 |[39m       console[33m.[
39merror(kleur[33m.[39mdim(ctx[33m.[39mstack))[33m;[39m
     [90m    |[39m               [31m[1m^[22m[39m
     [90m 86 |[39m     }
     [90m 87 |[39m   }[33m,[39m
     [90m 88 |[39m   debug[33m:[39m (msg[33m:[39m 
string[33m,[39m ctx[33m:[39m [33mLogContext[39m 
[33m=[39m {}) [33m=>[39m {[0m

      at Object.error (src/utils/logger.ts:85:15)
      at CoreBuildEngine.run 
(src/core/engine/index.ts:163:17)
      at buildProject (src/build/index.ts:57:24)
      at Object.<anonymous> 
(tests/load/stress.test.ts:147:13)

    console.error
      10:53:28 Γ£û  --> Core Engine: Build Failed

    [0m [90m 81 |[39m   error[33m:[39m (msg[33m:[39m 
string[33m,[39m ctx[33m:[39m [33mLogContext[39m 
[33m|[39m any [33m=[39m {}) [33m=>[39m {
     [90m 82 |[39m     [36mconst[39m cat [33m=[39m 
ctx[33m.[39mcategory [33m?[39m 
[32m`[${categoryColor(ctx.category)}]`[39m [33m:[39m 
[32m''[39m[33m;[39m
    [31m[1m>[22m[39m[90m 83 |[39m     
console[33m.[39merror([32m`${time()} ${kleur.red('Γ£û')} 
${cat} ${msg}`[39m)[33m;[39m
     [90m    |[39m             [31m[1m^[22m[39m
     [90m 84 |[39m     [36mif[39m (ctx[33m.[39mstack) {
     [90m 85 |[39m       console[33m.[39merror(kleur[33m
.[39mdim(ctx[33m.[39mstack))[33m;[39m
     [90m 86 |[39m     }[0m

      at Object.error (src/utils/logger.ts:83:13)
      at CoreBuildEngine.run 
(src/core/engine/index.ts:163:17)
      at buildProject (src/build/index.ts:57:24)
      at Object.<anonymous> 
(tests/load/stress.test.ts:147:13)

    console.error
      Error: ENOENT: no such file or directory, scandir 'C:\U
sers\Hi\AppData\Local\Temp\nexxo-load-test-XPoZZb\simple-app'
          at Object.readdir 
(node:internal/fs/promises:955:18)
          at scan (C:\Users\Hi\Desktop\urja\urja\src\core\eng
ine\config.ts:131:25)
          at computeInputFingerprint (C:\Users\Hi\Desktop\urj
a\urja\src\core\engine\config.ts:146:5)
          at CoreBuildEngine.run (C:\Users\Hi\Desktop\urja\ur
ja\src\core\engine\index.ts:71:38)
          at buildProject 
(C:\Users\Hi\Desktop\urja\urja\src\build\index.ts:57:24)
          at Object.<anonymous> (C:\Users\Hi\Desktop\urja\urj
a\tests\load\stress.test.ts:147:13)

    [0m [90m 83 |[39m     
console[33m.[39merror([32m`${time()} ${kleur.red('Γ£û')} 
${cat} ${msg}`[39m)[33m;[39m
     [90m 84 |[39m     [36mif[39m (ctx[33m.[39mstack) {
    [31m[1m>[22m[39m[90m 85 |[39m       console[33m.[
39merror(kleur[33m.[39mdim(ctx[33m.[39mstack))[33m;[39m
     [90m    |[39m               [31m[1m^[22m[39m
     [90m 86 |[39m     }
     [90m 87 |[39m   }[33m,[39m
     [90m 88 |[39m   debug[33m:[39m (msg[33m:[39m 
string[33m,[39m ctx[33m:[39m [33mLogContext[39m 
[33m=[39m {}) [33m=>[39m {[0m

      at Object.error (src/utils/logger.ts:85:15)
      at CoreBuildEngine.run 
(src/core/engine/index.ts:163:17)
      at buildProject (src/build/index.ts:57:24)
      at Object.<anonymous> 
(tests/load/stress.test.ts:147:13)

    console.error
      10:53:28 Γ£û  --> Core Engine: Build Failed

    [0m [90m 81 |[39m   error[33m:[39m (msg[33m:[39m 
string[33m,[39m ctx[33m:[39m [33mLogContext[39m 
[33m|[39m any [33m=[39m {}) [33m=>[39m {
     [90m 82 |[39m     [36mconst[39m cat [33m=[39m 
ctx[33m.[39mcategory [33m?[39m 
[32m`[${categoryColor(ctx.category)}]`[39m [33m:[39m 
[32m''[39m[33m;[39m
    [31m[1m>[22m[39m[90m 83 |[39m     
console[33m.[39merror([32m`${time()} ${kleur.red('Γ£û')} 
${cat} ${msg}`[39m)[33m;[39m
     [90m    |[39m             [31m[1m^[22m[39m
     [90m 84 |[39m     [36mif[39m (ctx[33m.[39mstack) {
     [90m 85 |[39m       console[33m.[39merror(kleur[33m
.[39mdim(ctx[33m.[39mstack))[33m;[39m
     [90m 86 |[39m     }[0m

      at Object.error (src/utils/logger.ts:83:13)
      at CoreBuildEngine.run 
(src/core/engine/index.ts:163:17)
      at buildProject (src/build/index.ts:57:24)
      at Object.<anonymous> 
(tests/load/stress.test.ts:147:13)

    console.error
      Error: ENOENT: no such file or directory, scandir 'C:\U
sers\Hi\AppData\Local\Temp\nexxo-load-test-XPoZZb\simple-app'
          at Object.readdir 
(node:internal/fs/promises:955:18)
          at scan (C:\Users\Hi\Desktop\urja\urja\src\core\eng
ine\config.ts:131:25)
          at computeInputFingerprint (C:\Users\Hi\Desktop\urj
a\urja\src\core\engine\config.ts:146:5)
          at CoreBuildEngine.run (C:\Users\Hi\Desktop\urja\ur
ja\src\core\engine\index.ts:71:38)
          at buildProject 
(C:\Users\Hi\Desktop\urja\urja\src\build\index.ts:57:24)
          at Object.<anonymous> (C:\Users\Hi\Desktop\urja\urj
a\tests\load\stress.test.ts:147:13)

    [0m [90m 83 |[39m     
console[33m.[39merror([32m`${time()} ${kleur.red('Γ£û')} 
${cat} ${msg}`[39m)[33m;[39m
     [90m 84 |[39m     [36mif[39m (ctx[33m.[39mstack) {
    [31m[1m>[22m[39m[90m 85 |[39m       console[33m.[
39merror(kleur[33m.[39mdim(ctx[33m.[39mstack))[33m;[39m
     [90m    |[39m               [31m[1m^[22m[39m
     [90m 86 |[39m     }
     [90m 87 |[39m   }[33m,[39m
     [90m 88 |[39m   debug[33m:[39m (msg[33m:[39m 
string[33m,[39m ctx[33m:[39m [33mLogContext[39m 
[33m=[39m {}) [33m=>[39m {[0m

      at Object.error (src/utils/logger.ts:85:15)
      at CoreBuildEngine.run 
(src/core/engine/index.ts:163:17)
      at buildProject (src/build/index.ts:57:24)
      at Object.<anonymous> 
(tests/load/stress.test.ts:147:13)

  ΓùÅ Load Testing: Concurrent Builds ΓÇ║ should produce 
consistent results across sequential builds

    thrown: "Exceeded timeout of 120000 ms for a test.
    Add a timeout value to this test to increase the 
timeout, if this is a long-running test. See 
https://jestjs.io/docs/api#testname-fn-timeout."

    [0m [90m 106 |[39m [90m     * Running the same build 
multiple times should produce identical results.[39m
     [90m 107 |[39m [90m     */[39m
    [31m[1m>[22m[39m[90m 108 |[39m     it([32m'should 
produce consistent results across sequential 
builds'[39m[33m,[39m [36masync[39m () [33m=>[39m {
     [90m     |[39m     [31m[1m^[22m[39m
     [90m 109 |[39m         [36mconst[39m results 
[33m=[39m [][33m;[39m
     [90m 110 |[39m
     [90m 111 |[39m         [36mfor[39m ([36mlet[39m i 
[33m=[39m [35m0[39m[33m;[39m i [33m<[39m 
[35m5[39m[33m;[39m i[33m++[39m) {[0m

      at tests/load/stress.test.ts:108:5
      at tests/load/stress.test.ts:13:1

  ΓùÅ Load Testing: Concurrent Builds ΓÇ║ should not leak 
memory across multiple builds

    thrown: "Exceeded timeout of 180000 ms for a test.
    Add a timeout value to this test to increase the 
timeout, if this is a long-running test. See 
https://jestjs.io/docs/api#testname-fn-timeout."

    [0m [90m 140 |[39m [90m     * Multiple builds should 
not cause memory leaks.[39m
     [90m 141 |[39m [90m     */[39m
    [31m[1m>[22m[39m[90m 142 |[39m     it([32m'should 
not leak memory across multiple builds'[39m[33m,[39m 
[36masync[39m () [33m=>[39m {
     [90m     |[39m     [31m[1m^[22m[39m
     [90m 143 |[39m         [36mconst[39m initialMemory 
[33m=[39m 
process[33m.[39mmemoryUsage()[33m.[39mheapUsed[33m;[39m
     [90m 144 |[39m
     [90m 145 |[39m         [90m// Run 20 builds[39m[0m

      at tests/load/stress.test.ts:142:5
      at tests/load/stress.test.ts:13:1

  ΓùÅ Load Testing: Concurrent Builds ΓÇ║ should handle 
build cancellation gracefully

    thrown: "Exceeded timeout of 30000 ms for a test.
    Add a timeout value to this test to increase the 
timeout, if this is a long-running test. See 
https://jestjs.io/docs/api#testname-fn-timeout."

    [0m [90m 172 |[39m [90m     * Note: Requires 
AbortController (Node.js 15+)[39m
     [90m 173 |[39m [90m     */[39m
    [31m[1m>[22m[39m[90m 174 |[39m     it([32m'should 
handle build cancellation gracefully'[39m[33m,[39m 
[36masync[39m () [33m=>[39m {
     [90m     |[39m     [31m[1m^[22m[39m
     [90m 175 |[39m         [90m// Check if 
AbortController is available[39m
     [90m 176 |[39m         [36mif[39m ([36mtypeof[39m 
[33mAbortController[39m [33m===[39m 
[32m'undefined'[39m) {
     [90m 177 |[39m             
console[33m.[39mlog([32m'ΓÜá∩╕Å  AbortController not 
available, skipping test'[39m)[33m;[39m[0m

      at tests/load/stress.test.ts:174:5
      at tests/load/stress.test.ts:13:1

Test Suites: 1 failed, 12 passed, 13 total
Tests:       3 failed, 106 passed, 109 total
Snapshots:   0 total
Time:        460.615 s, estimated 494 s
Ran all test suites.
